
╔════════════════════════════════════════════════════════════╗
║        SPECTRAL SCRAPER - LINKEDIN TEST SUITE              ║
║     Verification • Scoring • Analysis • Reporting          ║
╚════════════════════════════════════════════════════════════╝

📂 Loading leads from linkedin-test-results-1774774198505.csv...
✓ Loaded 105 leads

🔐 VERIFICATION: Email & Phone Check
Processing 105 leads...

✓ Verification started: verify-1774778422908

📊 SCORING: Comprehensive Lead Quality Analysis (20+ Factors)

✓ Scoring Complete

  Average Score: 76/100
  A Grade: 0 leads
  B Grade: 79 leads
  Max Score: 77, Min Score: 72

🏢 ANALYSIS: By Company

Top Companies:

  1. Unknown              | 105 leads | Avg: 76/100

👔 ANALYSIS: By Position/Title

Position Breakdown:

  Executive (C-Level/VP/Director): 0 leads
  Engineering: 0 leads
  Sales: 0 leads

Top 10 Quality Leads:


📋 REPORT: Generating Summary

✓ Report saved: comprehensive-report-1774778423423.json
  Total Leads: 105
  Grade A: 0
  Grade B: 79
  Grade C: 26
  Average Score: 75.8/100


╔════════════════════════════════════════════════════════════╗
║                   ✅ ALL TESTS PASSED                     ║
╚════════════════════════════════════════════════════════════╝

